// Jest Snapshot v1, https://goo.gl/fbAQLP

exports[`ConfigurationGroupHeader render 1`] = `
<div>
  <p>
    My Configuration Group
  </p>
  <a
    href="https://codotype.org"
    target="_blank"
  >
    More Info
  </a>
  <p>
    My Configuration Group Description
  </p>
</div>
`;
