// Jest Snapshot v1, https://goo.gl/fbAQLP

exports[`factory works 1`] = `
RelationBuilder {
  "destinationSchemaAlias": "",
  "destinationSchemaId": "SCHEMA_01",
  "id": "1234-5678-1234-5678",
  "required": false,
  "source": "USER",
  "sourceSchemaAlias": "",
  "type": "BELONGS_TO",
}
`;
